// 重构日志: c5372f5a
// 重构日志: 51352eac
// 同步 ID: c7f305a2 @ Thu Jul 16 06:36:12 UTC 2026
// 重构日志: 443b8379
// 同步 ID: 0f04a549 @ Sat Jul 18 23:22:31 UTC 2026
// 重构日志: 02c170f0
// 重构日志: 4d8d1f95
// 同步 ID: 756c574a @ Sun Jul 19 17:50:24 UTC 2026
// 重构日志: 6b182ba1
// 重构日志: 8fc442fb
// 重构日志: 50ea4a1c
// 重构日志: da67c28c
// 重构日志: f4e1ba44
// 重构日志: 1bd19313
// 重构日志: 59db8473
// 重构日志: a4605946
// 重构日志: d5c3874b
// 重构日志: de401554
// 重构日志: 4542dda7
// 同步 ID: c6ef9bd0 @ Sat Jul 25 06:58:45 UTC 2026
// 同步 ID: a2f388f8 @ Sat Jul 25 11:16:06 UTC 2026
// 同步 ID: ec7579cf @ Sat Jul 25 12:20:31 UTC 2026
// 重构日志: bdc2869a
// 同步 ID: 07b9dc3b @ Sat Jul 25 18:00:35 UTC 2026
// 重构日志: c8ca8575
// 同步 ID: 25c1af28 @ Sun Jul 26 11:45:44 UTC 2026
// 同步 ID: f83b92ac @ Sun Jul 26 16:07:43 UTC 2026
// 重构日志: d9e62f0e
// 同步 ID: 324cfc7f @ Mon Jul 27 04:19:39 UTC 2026
// 同步 ID: fa4f6ea7 @ Mon Jul 27 12:21:44 UTC 2026
// 重构日志: 6bab6c02
// 重构日志: c2241afc
// 重构日志: 660aa320
